21:23:29 **** Incremental Build of configuration Debug for project Zynq-I2C-SPI ****
make pre-build main-build 
a9-linaro-pre-build-step
 
make: Nothing to be done for 'main-build'.
21:24:57 **** Incremental Build of configuration Debug for project Zynq-I2C-SPI ****
make pre-build main-build 
a9-linaro-pre-build-step
 
make: Nothing to be done for 'main-build'.
21:28:38 **** Incremental Build of configuration Debug for project Zynq-I2C-SPI ****
make pre-build main-build 
a9-linaro-pre-build-step
 
make: Nothing to be done for 'main-build'.
22:30:26 **** Incremental Build of configuration Debug for project Zynq-I2C-SPI ****
make pre-build main-build 
a9-linaro-pre-build-step
 
make: Nothing to be done for 'main-build'.
22:30:43 **** Incremental Build of configuration Debug for project Zynq-I2C-SPI ****
make pre-build main-build 
a9-linaro-pre-build-step
 
make: Nothing to be done for 'main-build'.
22:31:03 **** Incremental Build of configuration Debug for project Zynq-I2C-SPI ****
make pre-build main-build 
a9-linaro-pre-build-step
 
make: Nothing to be done for 'main-build'.
22:36:36 **** Incremental Build of configuration Debug for project Zynq-I2C-SPI ****
make pre-build main-build 
a9-linaro-pre-build-step
 
make: Nothing to be done for 'main-build'.
23:37:57 **** Auto Build of configuration Debug for project Zynq-I2C-SPI ****
make pre-build main-build 
a9-linaro-pre-build-step
 
Building file: ../src/main.c
Invoking: ARM v7 gcc compiler
arm-none-eabi-gcc -Wall -O0 -g3 -c -fmessage-length=0 -MT"src/main.o" -mcpu=cortex-a9 -mfpu=vfpv3 -mfloat-abi=hard -I../../Zynq-I2C-SPI_bsp/ps7_cortexa9_0/include -MMD -MP -MF"src/main.d" -MT"src/main.o" -o "src/main.o" "../src/main.c"
Finished building: ../src/main.c
 
Building target: Zynq-I2C-SPI.elf
Invoking: ARM v7 gcc linker
arm-none-eabi-gcc -mcpu=cortex-a9 -mfpu=vfpv3 -mfloat-abi=hard -Wl,-build-id=none -specs=Xilinx.spec -Wl,-T -Wl,../src/lscript.ld -L../../Zynq-I2C-SPI_bsp/ps7_cortexa9_0/lib -o "Zynq-I2C-SPI.elf"  ./src/main.o   -Wl,--start-group,-lxil,-lgcc,-lc,--end-group
Finished building target: Zynq-I2C-SPI.elf
 
Invoking: ARM v7 Print Size
arm-none-eabi-size Zynq-I2C-SPI.elf  |tee "Zynq-I2C-SPI.elf.size"
   text	   data	    bss	    dec	    hex	filename
  25444	   1160	  22648	  49252	   c064	Zynq-I2C-SPI.elf
Finished building: Zynq-I2C-SPI.elf.size
 
23:37:59 **** Incremental Build of configuration Debug for project Zynq-I2C-SPI ****
make pre-build main-build 
a9-linaro-pre-build-step
 
make: Nothing to be done for 'main-build'.
